[33m>[39m Building...
[32mÔêÜ[39m Building...
[1mInitial chunk files[22m  [2m | [22m[1mNames[22m                 [2m | [22m [1mRaw size[22m[2m | [22m[1mEstimated transfer size[22m
[32mmain-7Q36EAAD.js[39m     [2m | [22m[2mmain[22m                  [2m | [22m[36m492.61 kB[39m[2m | [22m              [36m132.93 kB[39m
[32mchunk-BRBLKDSZ.js[39m    [2m | [22m[2m-[22m                     [2m | [22m[36m203.11 kB[39m[2m | [22m               [36m38.56 kB[39m
[32mchunk-WSLWEK5J.js[39m    [2m | [22m[2m-[22m                     [2m | [22m[36m158.83 kB[39m[2m | [22m               [36m45.21 kB[39m
[32mpolyfills-FFHMD2TL.js[39m[2m | [22m[2mpolyfills[22m             [2m | [22m [36m34.52 kB[39m[2m | [22m               [36m11.28 kB[39m
[32mstyles-BSEI4P37.css[39m  [2m | [22m[2mstyles[22m                [2m | [22m [36m19.30 kB[39m[2m | [22m                [36m1.59 kB[39m
[32mchunk-FDERIQAA.js[39m    [2m | [22m[2m-[22m                     [2m | [22m  [36m1.11 kB[39m[2m | [22m              [36m514 bytes[39m

[1m [22m                    [2m | [22m[1mInitial total[22m         [2m | [22m[1m[93m909.48 kB[39m[22m[2m | [22m              [1m230.09 kB[22m

[1mLazy chunk files[22m     [2m | [22m[1mNames[22m                 [2m | [22m [1mRaw size[22m[2m | [22m[1mEstimated transfer size[22m
[32mchunk-C2E2A42K.js[39m    [2m | [22m[2mindex-es[22m              [2m | [22m[36m159.12 kB[39m[2m | [22m               [36m46.96 kB[39m
[32mchunk-XUPYRHPL.js[39m    [2m | [22m[2mpatient-form-component[22m[2m | [22m [36m50.26 kB[39m[2m | [22m               [36m10.51 kB[39m
[32mchunk-QQVBGBOR.js[39m    [2m | [22m[2mpurify-es[22m             [2m | [22m [36m22.50 kB[39m[2m | [22m                [36m7.81 kB[39m
[32mchunk-E66BORZQ.js[39m    [2m | [22m[2mhtml2canvas[22m           [2m | [22m [36m83 bytes[39m[2m | [22m               [36m83 bytes[39m

Application bundle generation complete. [6.959 seconds]

npx : [1m[33m[33mÔû▓ [43;33m[[43;30mWARNING[43;33m][0m [1mbundle initial exceeded maximum budget. Budget 
512.00 kB was not met by 397.48 kB with a total of 909.48 kB.[0m
En línea: 1 Carácter: 1
+ npx ng build *>&1 | Out-File -FilePath build_output.txt; Get-Content  ...
+ ~~~~~~~~~~~~~~~~~
    + CategoryInfo          : NotSpecified: ([1m[33m[33mÔ... 909.48 kB.[0m:String) [], RemoteException
    + FullyQualifiedErrorId : NativeCommandError
 


[33mÔû▓ [43;33m[[43;30mWARNING[43;33m][0m [1mModule 'core-js/modules/es.promise.js' used by 
'node_modules/canvg/lib/index.es.js' is not ESM[0m

  CommonJS or AMD dependencies can cause optimization bailouts.
  For more information see: [4mhttps://angular.dev/tools/cli/build#configuring-commonjs-dependencies[0m


[33mÔû▓ [43;33m[[43;30mWARNING[43;33m][0m [1mModule 'core-js/modules/es.string.match.js' used by 
'node_modules/canvg/lib/index.es.js' is not ESM[0m

  CommonJS or AMD dependencies can cause optimization bailouts.
  For more information see: [4mhttps://angular.dev/tools/cli/build#configuring-commonjs-dependencies[0m


[33mÔû▓ [43;33m[[43;30mWARNING[43;33m][0m [1mModule 'core-js/modules/es.string.replace.js' used by 
'node_modules/canvg/lib/index.es.js' is not ESM[0m

  CommonJS or AMD dependencies can cause optimization bailouts.
  For more information see: [4mhttps://angular.dev/tools/cli/build#configuring-commonjs-dependencies[0m


[33mÔû▓ [43;33m[[43;30mWARNING[43;33m][0m [1mModule 'core-js/modules/es.string.starts-with.js' used by 
'node_modules/canvg/lib/index.es.js' is not ESM[0m

  CommonJS or AMD dependencies can cause optimization bailouts.
  For more information see: [4mhttps://angular.dev/tools/cli/build#configuring-commonjs-dependencies[0m


[33mÔû▓ [43;33m[[43;30mWARNING[43;33m][0m [1mModule 'core-js/modules/es.array.iterator.js' used by 
'node_modules/canvg/lib/index.es.js' is not ESM[0m

  CommonJS or AMD dependencies can cause optimization bailouts.
  For more information see: [4mhttps://angular.dev/tools/cli/build#configuring-commonjs-dependencies[0m


[33mÔû▓ [43;33m[[43;30mWARNING[43;33m][0m [1mModule 'core-js/modules/web.dom-collections.iterator.js' used by 
'node_modules/canvg/lib/index.es.js' is not ESM[0m

  CommonJS or AMD dependencies can cause optimization bailouts.
  For more information see: [4mhttps://angular.dev/tools/cli/build#configuring-commonjs-dependencies[0m


[33mÔû▓ [43;33m[[43;30mWARNING[43;33m][0m [1mModule 'core-js/modules/es.array.reduce.js' used by 
'node_modules/canvg/lib/index.es.js' is not ESM[0m

  CommonJS or AMD dependencies can cause optimization bailouts.
  For more information see: [4mhttps://angular.dev/tools/cli/build#configuring-commonjs-dependencies[0m


[33mÔû▓ [43;33m[[43;30mWARNING[43;33m][0m [1mModule 'core-js/modules/es.string.ends-with.js' used by 
'node_modules/canvg/lib/index.es.js' is not ESM[0m

  CommonJS or AMD dependencies can cause optimization bailouts.
  For more information see: [4mhttps://angular.dev/tools/cli/build#configuring-commonjs-dependencies[0m


[33mÔû▓ [43;33m[[43;30mWARNING[43;33m][0m [1mModule 'core-js/modules/es.string.split.js' used by 
'node_modules/canvg/lib/index.es.js' is not ESM[0m

  CommonJS or AMD dependencies can cause optimization bailouts.
  For more information see: [4mhttps://angular.dev/tools/cli/build#configuring-commonjs-dependencies[0m


[33mÔû▓ [43;33m[[43;30mWARNING[43;33m][0m [1mModule 'raf' used by 'node_modules/canvg/lib/index.es.js' is not 
ESM[0m

  CommonJS or AMD dependencies can cause optimization bailouts.
  For more information see: [4mhttps://angular.dev/tools/cli/build#configuring-commonjs-dependencies[0m


[33mÔû▓ [43;33m[[43;30mWARNING[43;33m][0m [1mModule 'core-js/modules/es.string.trim.js' used by 
'node_modules/canvg/lib/index.es.js' is not ESM[0m

  CommonJS or AMD dependencies can cause optimization bailouts.
  For more information see: [4mhttps://angular.dev/tools/cli/build#configuring-commonjs-dependencies[0m


[33mÔû▓ [43;33m[[43;30mWARNING[43;33m][0m [1mModule 'rgbcolor' used by 'node_modules/canvg/lib/index.es.js' is 
not ESM[0m

  CommonJS or AMD dependencies can cause optimization bailouts.
  For more information see: [4mhttps://angular.dev/tools/cli/build#configuring-commonjs-dependencies[0m


[33mÔû▓ [43;33m[[43;30mWARNING[43;33m][0m [1mModule 'core-js/modules/es.array.index-of.js' used by 
'node_modules/canvg/lib/index.es.js' is not ESM[0m

  CommonJS or AMD dependencies can cause optimization bailouts.
  For more information see: [4mhttps://angular.dev/tools/cli/build#configuring-commonjs-dependencies[0m


[33mÔû▓ [43;33m[[43;30mWARNING[43;33m][0m [1mModule 'core-js/modules/es.string.includes.js' used by 
'node_modules/canvg/lib/index.es.js' is not ESM[0m

  CommonJS or AMD dependencies can cause optimization bailouts.
  For more information see: [4mhttps://angular.dev/tools/cli/build#configuring-commonjs-dependencies[0m


[33mÔû▓ [43;33m[[43;30mWARNING[43;33m][0m [1mModule 'core-js/modules/es.array.reverse.js' used by 
'node_modules/canvg/lib/index.es.js' is not ESM[0m

  CommonJS or AMD dependencies can cause optimization bailouts.
  For more information see: [4mhttps://angular.dev/tools/cli/build#configuring-commonjs-dependencies[0m


[33mÔû▓ [43;33m[[43;30mWARNING[43;33m][0m [1mModule 'core-js/modules/es.regexp.to-string.js' used by 
'node_modules/canvg/lib/index.es.js' is not ESM[0m

  CommonJS or AMD dependencies can cause optimization bailouts.
  For more information see: [4mhttps://angular.dev/tools/cli/build#configuring-commonjs-dependencies[0m


[33mÔû▓ [43;33m[[43;30mWARNING[43;33m][0m [1mModule 'html2canvas' used by 
'src/app/features/patient-form/components/print-template/print-template.component.ts' is not ESM[0m

  CommonJS or AMD dependencies can cause optimization bailouts.
  For more information see: [4mhttps://angular.dev/tools/cli/build#configuring-commonjs-dependencies[0m

[39m[22m
Output location: C:\Users\Gonzalo\Desktop\odonto-app\dist\totem-app

